09-30 06:19:49.022 26234 26234 I SystemServiceManager: Starting phase 550
09-30 06:19:49.063 26234 26263 I ActivityManager: Start proc 26374:com.android.bluetooth/1002 for service {com.android.bluetooth/com.android.bluetooth.btservice.AdapterService}
09-30 06:19:49.103 26234 26263 I ActivityManager: Start proc 26392:com.android.systemui/u0a85 for service {com.android.systemui/com.android.systemui.ImageWallpaper}
09-30 06:19:49.221 26234 26234 I SystemServiceManager: Starting phase 600
09-30 06:19:49.268 26234 26263 I ActivityManager: Start proc 26428:WebViewLoader-armeabi-v7a/1037 [android.webkit.WebViewLibraryLoader$RelroFileCreator] for null
09-30 06:19:49.308 26234 26263 I ActivityManager: Start proc 26435:WebViewLoader-arm64-v8a/1037 [android.webkit.WebViewLibraryLoader$RelroFileCreator] for null
09-30 06:19:49.379 26234 26263 I ActivityManager: Start proc 26471:com.android.networkstack/1073 for service {com.android.networkstack/com.android.server.NetworkStackService}
09-30 06:19:49.632 26234 26539 I ActivityManager: Start proc 26512:com.qualcomm.qti.telephonyservice/u0a77 for added application com.qualcomm.qti.telephonyservice
09-30 06:19:49.709 26234 26263 I ActivityManager: Start proc 26558:com.android.phone/1001 for added application com.android.phone
09-30 06:19:49.784 26234 26263 I ActivityManager: Start proc 26582:com.android.settings/1000 for activity {com.android.settings/com.android.settings.FallbackHome}
09-30 06:19:49.934 26234 26263 I ActivityManager: Start proc 26622:android.ext.services/u0a42 for service {android.ext.services/android.ext.services.watchdog.ExplicitHealthCheckServiceImpl}
09-30 06:19:50.174 26234 26263 I ActivityManager: Start proc 26658:com.android.inputmethod.latin/u0a92 for service {com.android.inputmethod.latin/com.android.inputmethod.latin.LatinIME}
09-30 06:19:50.919 26234 26263 I ActivityManager: Start proc 26747:com.android.cellbroadcastreceiver/u0a53 for broadcast {com.android.cellbroadcastreceiver/com.android.cellbroadcastreceiver.CellBroadcastReceiver}
09-30 06:19:51.277 26234 26263 I ActivityManager: Start proc 26802:android.process.acore/u0a38 for content provider {com.android.providers.blockednumber/com.android.providers.blockednumber.BlockedNumberProvider}
09-30 06:19:52.661 26234 26256 I SystemServiceManager: Starting phase 1000
09-30 06:19:52.739 26234 26263 I ActivityManager: Start proc 26871:com.android.deskclock/u0a91 for broadcast {com.android.deskclock/com.android.deskclock.AlarmInitReceiver}
09-30 06:19:53.481 26234 26263 I ActivityManager: Start proc 26918:com.android.nfc/1027 for added application com.android.nfc
09-30 06:19:53.543 26234 26263 I ActivityManager: Start proc 26926:com.android.se/1068 for added application com.android.se
09-30 06:19:53.554 26234 26263 I ActivityManager: Start proc 26965:com.qualcomm.qti.rcsbootstraputil/1001 for added application com.qualcomm.qti.rcsbootstraputil
09-30 06:19:53.628 26234 26263 I ActivityManager: Start proc 26974:com.android.externalstorage/u0a40 for broadcast {com.android.externalstorage/com.android.externalstorage.MountReceiver}
09-30 06:19:53.684 26234 26263 I ActivityManager: Start proc 27011:com.android.launcher3/u0a87 for service {com.android.launcher3/com.android.launcher3.notification.NotificationListener}
09-30 06:19:53.765 26234 26548 I ActivityManager: Start proc 27035:com.android.smspush/u0a66 for service {com.android.smspush/com.android.smspush.WapPushManager}
09-30 06:19:53.808 26234 26263 I ActivityManager: Start proc 27061:com.android.music/u0a97 for service {com.android.music/com.android.music.MediaPlaybackService}
09-30 06:19:53.851 26234 26263 I ActivityManager: Start proc 27081:com.android.printspooler/u0a59 for service {com.android.printspooler/com.android.printspooler.model.PrintSpoolerService}
09-30 06:19:53.868 26234 26263 I ActivityManager: Start proc 27096:android.process.media/u0a39 for broadcast {com.android.providers.downloads/com.android.providers.downloads.DownloadReceiver}
09-30 06:19:54.023 26234 26263 I ActivityManager: Start proc 27143:com.android.keychain/1000 for service {com.android.keychain/com.android.keychain.KeyChainService}
09-30 06:19:54.366 26234 26263 I ActivityManager: Start proc 27187:com.android.deskclock/u0a91 for broadcast {com.android.deskclock/com.android.alarmclock.AnalogAppWidgetProvider}
09-30 06:19:54.560 26234 26263 I ActivityManager: Start proc 27217:com.android.quicksearchbox/u0a99 for broadcast {com.android.quicksearchbox/com.android.quicksearchbox.SearchWidgetProvider}
09-30 06:19:54.735 26234 26263 I ActivityManager: Start proc 27245:com.android.dialer/u0a84 for broadcast {com.android.dialer/com.android.dialer.app.calllog.CallLogReceiver}
09-30 06:19:54.966 26234 26263 I ActivityManager: Start proc 27276:com.android.carrierconfig/u0a80 for service {com.android.carrierconfig/com.android.carrierconfig.DefaultCarrierConfigService}
09-30 06:19:54.986 26234 26263 I ActivityManager: Start proc 27295:com.android.calendar/u0a89 for broadcast {com.android.calendar/com.android.calendar.alerts.AlertReceiver}
09-30 06:19:55.110 26234 26263 I ActivityManager: Start proc 27323:com.android.contacts/u0a83 for broadcast {com.android.contacts/com.android.contacts.interactions.OnBootOrUpgradeReceiver}
09-30 06:19:55.360 26234 26263 I ActivityManager: Start proc 27356:com.android.dynsystem/1000 for broadcast {com.android.dynsystem/com.android.dynsystem.BootCompletedReceiver}
09-30 06:19:55.568 26234 26263 I ActivityManager: Start proc 27382:com.android.email/u0a96 for broadcast {com.android.email/com.android.email.service.EmailBroadcastReceiver}
09-30 06:19:55.745 26234 26263 I ActivityManager: Start proc 27416:com.android.managedprovisioning/u0a44 for broadcast {com.android.managedprovisioning/com.android.managedprovisioning.preprovisioning.BootReminder}
09-30 06:19:55.851 26234 26263 I ActivityManager: Start proc 27438:com.android.messaging/u0a63 for broadcast {com.android.messaging/com.android.messaging.receiver.BootAndPackageReplacedReceiver}
09-30 06:19:55.997 26234 26263 I ActivityManager: Start proc 27463:com.android.onetimeinitializer/u0a81 for broadcast {com.android.onetimeinitializer/com.android.onetimeinitializer.OneTimeInitializerReceiver}
09-30 06:19:56.114 26234 26263 I ActivityManager: Start proc 27490:com.android.packageinstaller/u0a48 for broadcast {com.android.packageinstaller/com.android.packageinstaller.TemporaryFileManager}
09-30 06:19:56.187 26234 26263 I ActivityManager: Start proc 27513:com.android.permissioncontroller/u0a50 for broadcast {com.android.permissioncontroller/com.android.packageinstaller.permission.service.LocationAccessCheck$SetupPeriodicBackgroundLocationAccessCheck}
09-30 06:19:56.288 26234 26263 I ActivityManager: Start proc 27535:com.android.providers.calendar/u0a49 for broadcast {com.android.providers.calendar/com.android.providers.calendar.CalendarReceiver}
09-30 06:19:56.448 26234 26263 I ActivityManager: Start proc 27561:com.android.settings/1000 for broadcast {com.android.settings/com.android.settings.fuelgauge.batterytip.AnomalyConfigReceiver}
09-30 06:19:56.569 26234 26263 I ActivityManager: Start proc 27583:com.android.traceur/u0a74 for broadcast {com.android.traceur/com.android.traceur.Receiver}
09-30 06:19:56.676 26234 26263 I ActivityManager: Start proc 27605:com.qualcomm.telephony/1000 for broadcast {com.qualcomm.atfwd/com.qualcomm.atfwd.AtFwdAutoboot}
09-30 06:19:56.768 26234 26263 I ActivityManager: Start proc 27628:com.qualcomm.embms/u0a75 for broadcast {com.qualcomm.embms/com.qualcomm.embms.EmbmsBootReceiver}
09-30 06:19:56.819 26234 26263 I ActivityManager: Start proc 27650:com.android.localtransport/1000 for service {com.android.localtransport/com.android.localtransport.LocalTransportService}
09-30 06:19:56.864 26234 26263 I ActivityManager: Start proc 27671:com.qualcomm.embms:remote/u0a75 for service {com.qualcomm.embms/com.qualcomm.embms.EmbmsService}
````

### 调用SurfaceControl.show()的窗口

代码修改：

````java
// Z:\work\workspace\studio_aosp\work\AOSP\sailfish-qp1a.191005.007.a3\frameworks\base\services\core\java\com\android\server\wm\WindowSurfaceController.java
class WindowSurfaceController {
    private boolean showSurface() {
        try {
            setShown(true);
            //---------------------------------------------------------

            final String __log_tag = "bob_log_tag";
            Log.d(__log_tag, " 	_ "
                    + "  title: " + title
                    + "  [WindowSurfaceController@showSurface(:450)  " + ActivityThread.currentProcessName()
                    + "(" + Process.myPid() + ":" + Thread.currentThread().getName() + ")]"
            );
            StackTraceElement[] stackTrace = new Throwable().getStackTrace();
            for (StackTraceElement element : stackTrace) {
                Log.d(__log_tag, " 	|-- " + element.toString());
            }
            Log.d(__log_tag, " 	@");

            //---------------------------------------------------------
            mSurfaceControl.show();
            return true;
        } catch (RuntimeException e) {
            Slog.w(TAG, "Failure showing surface " + mSurfaceControl + " in " + this, e);
        }

        mAnimator.reclaimSomeSurfaceMemory("show", true);

        return false;
    }
````

关键字

````
bob_log_tag:  	_   title|starting phase|bootanim
````

AOSP log

````log
09-27 07:14:42.453   520   535 I sf_stop_bootanim: 33181
09-30 06:03:05.562     1     1 I init    : Received control message 'start' for 'bootanim' from pid: 24244 (/system/bin/surfaceflinger)
09-30 06:03:05.573     1     1 I init    : starting service 'bootanim'...
09-30 06:03:13.577     1     1 I init    : Service 'bootanim' (pid 24282) exited with status 0
09-30 06:03:13.726 24244 24379 I sf_stop_bootanim: 243535463
09-30 06:19:45.569     1     1 I init    : Received control message 'start' for 'bootanim' from pid: 26191 (/system/bin/surfaceflinger)
09-30 06:19:45.569     1     1 I init    : starting service 'bootanim'...
09-30 06:19:45.757 26229 26229 D BootAnimation: BootAnimationStartTiming start time: 255936485ms
09-30 06:19:45.757 26229 26229 D BootAnimation: BootAnimationPreloadTiming start time: 255936485ms
09-30 06:19:45.758 26229 26229 D BootAnimation: BootAnimationPreloadStopTiming start time: 255936485ms
09-30 06:19:45.817 26229 26231 D BootAnimation: BootAnimationShownTiming start time: 255936545ms
09-30 06:19:46.964 26234 26234 I SystemServiceManager: Starting phase 100
09-30 06:19:48.827 26234 26234 I SystemServiceManager: Starting phase 480
09-30 06:19:48.833 26234 26234 I SystemServiceManager: Starting phase 500
09-30 06:19:48.999 26234 26234 I SystemServiceManager: Starting phase 520
09-30 06:19:49.022 26234 26234 I SystemServiceManager: Starting phase 550
09-30 06:19:49.221 26234 26234 I SystemServiceManager: Starting phase 600
09-30 06:19:50.040 26234 26257 D bob_log_tag:  	_   title: com.android.settings/com.android.settings.FallbackHome  [WindowSurfaceController@showSurface(:450)  null(26234:android.anim)]
09-30 06:19:50.135 26234 26497 I ActivityManager:   ntv   ??   33566: bootanimation (   17,772K memtrack) (pid 26229) native
09-30 06:19:51.565 26234 26257 D bob_log_tag:  	_   title: StatusBar  [WindowSurfaceController@showSurface(:450)  null(26234:android.anim)]
09-30 06:19:51.569 26234 26257 D bob_log_tag:  	_   title: NavigationBar0  [WindowSurfaceController@showSurface(:450)  null(26234:android.anim)]
09-30 06:19:52.443 26234 26257 D bob_log_tag:  	_   title: com.android.systemui.ImageWallpaper  [WindowSurfaceController@showSurface(:450)  null(26234:android.anim)]
09-30 06:19:52.457 26229 26229 D BootAnimation: BootAnimationStopTiming start time: 255943184ms
09-30 06:19:52.427     1     1 I init    : Service 'bootanim' (pid 26229) exited with status 0
09-30 06:19:52.657 26191 26325 I sf_stop_bootanim: 244147359
09-30 06:19:52.661 26234 26256 I SystemServiceManager: Starting phase 1000
````

Failed Log

````logcat
01-19 11:44:02.912  1285  1285 I auditd  : type=1400 audit(0.0:170): avc: denied { read } for comm="BootAnimation" name="settings_global.xml" dev="dm-5" ino=14059 scontext=u:r:bootanim:s0 tcontext=u:object_r:system_data_file:s0 tclass=file permissive=0
10-27 04:26:37.282  1207  1879 I sf_stop_bootanim: 49211
10-27 05:22:18.499 13434 13434 I auditd  : type=1400 audit(0.0:776): avc: denied { read } for comm="BootAnimation" name="settings_global.xml" dev="dm-5" ino=15989 scontext=u:r:bootanim:s0 tcontext=u:object_r:system_data_file:s0 tclass=file permissive=0
10-27 05:22:49.672 13350 13858 I sf_stop_bootanim: 1009238
10-27 05:26:42.981 21282 21282 I BootAnimation: bootanimation launching ...
10-27 05:26:47.587 21282 21282 I auditd  : type=1400 audit(0.0:1439): avc: denied { read } for comm="BootAnimation" name="settings_global.xml" dev="dm-5" ino=17540 scontext=u:r:bootanim:s0 tcontext=u:object_r:system_data_file:s0 tclass=file permissive=0
10-27 05:26:47.587 21282 21282 W BootAnimation: type=1400 audit(0.0:1439): avc: denied { read } for name="settings_global.xml" dev="dm-5" ino=17540 scontext=u:r:bootanim:s0 tcontext=u:object_r:system_data_file:s0 tclass=file permissive=0
10-27 05:26:47.591 21282 21383 E BootAnimation: couldn't find audio_conf.txt
10-27 05:26:47.592 21282 21383 V BootAnimation: settings_global.xml open error 13
10-27 05:26:47.599 21282 21383 D BootAnimation: Use save memory method, maybe small fps in actual.
10-27 05:26:49.269 21282 21383 D BootAnimation: Use save memory method, maybe small fps in actual.
10-27 05:26:50.275 21282 21383 F libc    : Fatal signal 6 (SIGABRT), code -1 (SI_QUEUE) in tid 21383 (BootAnimation), pid 21282 (bootanimation)
10-27 05:26:50.630 21450 21450 F DEBUG   : Cmdline: /system/bin/bootanimation
10-27 05:26:50.630 21450 21450 F DEBUG   : pid: 21282, tid: 21383, name: BootAnimation  >>> /system/bin/bootanimation <<<
10-27 05:26:50.632 21450 21450 F DEBUG   :       #03 pc 000000000000a3e0  /system/bin/bootanimation (android::BootAnimation::initTexture(android::FileMap*, int*, int*)+80) (BuildId: fd8e862214104f8cc4242df07c6a635e)
10-27 05:26:50.632 21450 21450 F DEBUG   :       #04 pc 000000000000c070  /system/bin/bootanimation (android::BootAnimation::movie()+3428) (BuildId: fd8e862214104f8cc4242df07c6a635e)
10-27 05:26:50.632 21450 21450 F DEBUG   :       #05 pc 000000000000aec4  /system/bin/bootanimation (android::BootAnimation::threadLoop()+152) (BuildId: fd8e862214104f8cc4242df07c6a635e)
10-27 05:26:51.727 21410 21410 I SystemServiceManager: Starting phase 100
10-27 05:26:57.250 21410 21410 I SystemServiceManager: Starting phase 200
10-27 05:26:59.364 21410 21410 I SystemServiceManager: Starting phase 480
10-27 05:26:59.400 21410 21410 I SystemServiceManager: Starting phase 500
10-27 05:27:00.129 21410 21410 I SystemServiceManager: Starting phase 520
10-27 05:27:00.957 21410 21410 I SystemServiceManager: Starting phase 550
10-27 05:27:03.685 21410 21410 I SystemServiceManager: Starting phase 600
10-27 05:27:07.100 21410 21438 D bob_log_tag:  	_   title: GestureStub
10-27 05:27:07.178 21410 21438 D bob_log_tag:  	_   title: GestureStubRight
10-27 05:27:07.196 21410 21438 D bob_log_tag:  	_   title: GestureStubLeft
10-27 05:27:07.902 21410 21438 D bob_log_tag:  	_   title: com.miui.home/com.miui.home.launcher.Launcher
10-27 05:27:09.656 21410 21438 D bob_log_tag:  	_   title: com.miui.miwallpaper.wallpaperservice.ImageWallpaper
10-27 05:27:10.341 21410 21438 D bob_log_tag:  	_   title: Freeform-HotSpotView
10-27 05:27:10.343 21410 21438 D bob_log_tag:  	_   title: Freeform-OverLayView
10-27 05:27:13.261 21239 22266 I sf_stop_bootanim: 1272827
10-27 05:27:13.300 21410 21437 I SystemServiceManager: Starting phase 1000
10-27 05:27:16.360 21410 21425 D bob_log_tag:  	_   title: RoundCornerTop
10-27 05:27:16.361 21410 21425 D bob_log_tag:  	_   title: RoundCornerBottom
10-27 05:27:17.913 21410 21438 D bob_log_tag:  	_   title: StatusBar
10-27 05:27:17.924 21410 21438 D bob_log_tag:  	_   title: com.miui.miwallpaper.wallpaperservice.ImageWallpaper
10-27 05:27:17.927 21410 21438 D bob_log_tag:  	_   title: NotificationShade
10-27 05:27:19.698 21410 21438 D bob_log_tag:  	_   title: control_center
````



















## 相关流程













